
ShouldFail.hs:1:8: error:
    Could not find module ‘Set’
    Use -v to see a list of the files searched for.
