
<interactive>:7:3: error:
    • Can't represent implicit parameters in Template Haskell: ?callStack::CallStack
    • In the untyped splice: $(seeType (mkName "f"))

<interactive>:8:3: error:
    • Can't represent implicit parameters in Template Haskell: ?callStack::CallStack
    • In the untyped splice: $(seeType (mkName "g"))

<interactive>:9:3: error:
    • Can't represent implicit parameters in Template Haskell: ?callStack::CallStack
    • In the untyped splice: $(seeType (mkName "h"))
