f_0 :: ()
f_0 = GHC.Base.undefined g_1
g_1 :: ()
g_1 = GHC.Base.undefined
