
T8987.hs:1:1: error:
    Exception when trying to run compile-time code:
      Prelude.undefined
?callStack, called at libraries/base/GHC/Base.hs:1202:61 in base:GHC.Base
  undefined, called at T8987.hs:6:23 in main:T8987

    Code: (>>) reportWarning ['1', undefined] return []
