
TH_exn2.hs:1:1: error:
    Exception when trying to run compile-time code:
      Prelude.tail: empty list
?callStack, called at libraries/base/GHC/Base.hs:1195:41 in base:GHC.Base
  error, called at libraries/base/GHC/List.hs:1032:3 in base:GHC.List

    Code: do { ds <- [d| |];
               return (tail ds) }
