T457: Correct
?callStack, called at libraries/base/GHC/Base.hs:1195:41 in base:GHC.Base
  error, called at T457.hs:5:22 in main:Main

