T5587: hidden error
?callStack, called at libraries/base/GHC/Base.hs:1195:41 in base:GHC.Base
  error, called at T5587.hs:7:15 in main:Main

