T5625: Prelude.undefined
?callStack, called at libraries/base/GHC/Base.hs:1202:61 in base:GHC.Base
  undefined, called at T5625.hs:3:31 in main:Main

