x = _
x :: ?callStack::CallStack => t = _
y :: Integer = 3
