AND HTrue HTrue :: *
= HTrue
AND (OR HFalse HTrue) (OR HTrue HFalse) :: *
= HTrue
t :: GHC.Stack.Types.HasCallStack => HTrue
t :: GHC.Stack.Types.HasCallStack => HFalse
