f :: (GHC.Stack.Types.HasCallStack, Monad m) => (m a, t) -> m b
