arr004: (Array.!): undefined array element
?callStack, called at libraries/base/GHC/Base.hs:1195:41 in base:GHC.Base
  error, called at libraries/base/GHC/Arr.hs:402:16 in base:GHC.Arr

