arr003: Ix{Int}.index: Index (4) out of range ((1,3))
?callStack, called at libraries/base/GHC/Base.hs:1195:41 in base:GHC.Base
  error, called at libraries/base/GHC/Arr.hs:176:5 in base:GHC.Arr

