Setup: Missing signature implementations for these modules: Map
Main: Prelude.undefined
?callStack, called at libraries/base/GHC/Base.hs:1202:61 in base:GHC.Base
  undefined, called at P.hs:8:22 in p_Hw4l4yCJK3EFDHLURE6w5T:P

