
==================== Tidy Core ====================
Result size of Tidy Core = {terms: 28, types: 26, coercions: 1}

-- RHS size: {terms: 2, types: 4, coercions: 1}
T2431.$WRefl [InlPrag=INLINE] :: forall a. a :~: a
[GblId[DataConWrapper],
 Caf=NoCafRefs,
 Str=m,
 Unf=Unf{Src=InlineStable, TopLvl=True, Value=True, ConLike=True,
         WorkFree=True, Expandable=True,
         Guidance=ALWAYS_IF(arity=0,unsat_ok=False,boring_ok=False)
         Tmpl= \ (@ a) ->
                 T2431.Refl @ a @ a @~ (<a>_N :: (a :: *) GHC.Prim.~# (a :: *))}]
T2431.$WRefl =
  \ (@ a) ->
    T2431.Refl @ a @ a @~ (<a>_N :: (a :: *) GHC.Prim.~# (a :: *))

-- RHS size: {terms: 4, types: 8, coercions: 0}
absurd :: forall a. Int :~: Bool -> a
[GblId, Arity=1, Caf=NoCafRefs, Str=<L,U>x]
absurd = \ (@ a) (x :: Int :~: Bool) -> case x of { }

-- RHS size: {terms: 5, types: 0, coercions: 0}
T2431.$trModule :: GHC.Types.Module
[GblId]
T2431.$trModule =
  GHC.Types.Module
    (GHC.Types.TrNameS "main"#) (GHC.Types.TrNameS "T2431"#)

-- RHS size: {terms: 6, types: 0, coercions: 0}
T2431.$tc'Refl :: GHC.Types.TyCon
[GblId]
T2431.$tc'Refl =
  GHC.Types.TyCon
    15026191172322750497##
    3898273167927206410##
    T2431.$trModule
    (GHC.Types.TrNameS "'Refl"#)

-- RHS size: {terms: 6, types: 0, coercions: 0}
T2431.$tc:~: :: GHC.Types.TyCon
[GblId]
T2431.$tc:~: =
  GHC.Types.TyCon
    9759653149176674453##
    12942818337407067047##
    T2431.$trModule
    (GHC.Types.TrNameS ":~:"#)



