CallStack:
  ?loc, called at T10845.hs:8:15 in main:Main
  f1, called at T10845.hs:29:36 in main:Main
CallStack:
  ?loc, called at T10845.hs:12:17 in main:Main
  y, called at T10845.hs:13:9 in main:Main
  f2, called at T10845.hs:30:36 in main:Main
CallStack:
  y, called at T10845.hs:21:9 in main:Main
  f3, called at T10845.hs:31:36 in main:Main
CallStack:
  ?loc, called at T10845.hs:24:44 in main:Main
  y, called at T10845.hs:26:9 in main:Main
  f4, called at T10845.hs:32:11 in main:Main
CallStack:
  ?loc, called at T10845.hs:24:44 in main:Main
  y, called at T10845.hs:26:9 in main:Main
  f4, called at T10845.hs:32:11 in main:Main
