T5628: Void ==
?callStack, called at libraries/base/GHC/Base.hs:1195:41 in base:GHC.Base
  error, called at T5628.hs:5:1 in main:Main

