T9576: T9576.hs:6:31: error:
    No instance for (Show Foo) arising from a use of ‘showsPrec’
    In the second argument of ‘(.)’, namely ‘(showsPrec 11 b1)’
    In the second argument of ‘showParen’, namely
      ‘((.) (showString "MkBar ") (showsPrec 11 b1))’
    In the expression:
      showParen (a >= 11) ((.) (showString "MkBar ") (showsPrec 11 b1))
    When typechecking the code for ‘showsPrec’
      in a derived instance for ‘Show Bar’:
      To see the code I am typechecking, use -ddump-deriv
(deferred type error)
?callStack, called at libraries/base/GHC/Base.hs:1195:41 in base:GHC.Base
  error, called at libraries/base/Control/Exception/Base.hs:391:30 in base:Control.Exception.Base

