"Stopped at <exception thrown>
_exception :: e = _
Logged breakpoint at ../QSort.hs:6:24-38
_result :: [Char]
a :: Char
as :: [Char]
Printing 1
as = 'b' : 'c' : (_t1::[Char])
Forcing
*** Exception: Prelude.undefined
?callStack, called at libraries/base/GHC/Base.hs:1202:61 in base:GHC.Base
  undefined, called at <interactive>:4:17 in interactive:Ghci1

Printing 2
as = 'b' : 'c' : (_t2::[Char])
