Breakpoint 0 activated at ../Test6.hs:5:8-11
Stopped at ../Test6.hs:5:8-11
_result :: a = _
*** Exception: Prelude.head: empty list
?callStack, called at libraries/base/GHC/Base.hs:1195:41 in base:GHC.Base
  error, called at libraries/base/GHC/List.hs:1032:3 in base:GHC.List

