u = (_t1::GHC.Stack.Types.HasCallStack =>
          ST s (forall s'. ST s' a))
