assert: Assertion failed
?callStack, called at libraries/base/GHC/IO/Exception.hs:400:63 in base:GHC.IO.Exception
  assert, called at assert.hs:9:11 in main:Main

