readFloat: Prelude.read: no parse
?callStack, called at libraries/base/GHC/Base.hs:1195:41 in base:GHC.Base
  error, called at libraries/base/Text/Read.hs:90:17 in base:Text.Read

