cgrun045: hello world!
?callStack, called at libraries/base/GHC/Base.hs:1195:41 in base:GHC.Base
  error, called at cgrun045.hs:6:13 in main:Main

