cgrun016: 6th call to error
?callStack, called at libraries/base/GHC/Base.hs:1195:41 in base:GHC.Base
  error, called at cgrun016.hs:8:8 in main:Main

