T5626: Prelude.undefined
?callStack, called at libraries/base/GHC/Base.hs:1202:61 in base:GHC.Base
  undefined, called at T5626.hs:6:30 in main:Main

