ghc-e005-prog: foo
?callStack, called at libraries/base/GHC/Base.hs:1195:41 in base:GHC.Base
  error, called at ghc-e005.hs:12:10 in main:Main

